
> infoapi@1.10.1 test
> jest

npm.cmd : FAIL src/modules/client/client.service.spec.ts
No linha:1 caractere:1
+ npm.cmd run test > test_output.txt 2>&1
+ ~~~~~~~~~~~~~~~~~~~~~~~~~~~~~~~~~~~~~~~
    + CategoryInfo          : NotSpecified: (FAIL src/module...service.spec.ts:String) [], RemoteException
    + FullyQualifiedErrorId : NativeCommandError
 
  ÔùÅ ClientService ÔÇ║ update ÔÇ║ should update existing client

    expect(received).toEqual(expected) // deep equality

    Expected: [{"CLI_CODIGO": 1, "CLI_NOME": "Updated Name"}]
    Received: {"CLI_CODIGO": 1, "CLI_NOME": "Updated Name"}

    [0m [90m 129 |[39m       [36mconst[39m result [33m=[39m [36mawait[39m 
service[33m.[39mupdate([32m'cred-1'[39m[33m,[39m [35m1[39m[33m,[39m [35m1[39m[33m,[39m 
payload)[33m;[39m
     [90m 130 |[39m
    [31m[1m>[22m[39m[90m 131 |[39m       expect(result)[33m.[39mtoEqual([{ [33mCLI_CODIGO[39m[33m:[39m 
[35m1[39m[33m,[39m [33mCLI_NOME[39m[33m:[39m [32m'Updated Name'[39m }])[33m;[39m
     [90m     |[39m                      [31m[1m^[22m[39m
     [90m 132 |[39m       expect(mockConnection[33m.[39mquery)[33m.[39mtoHaveBeenCalledWith(
     [90m 133 |[39m         expect[33m.[39mstringContaining([32m'UPDATE clientes SET CLI_NOME = 
?'[39m)[33m,[39m
     [90m 134 |[39m         [[32m'Updated Name'[39m[33m,[39m [35m1[39m[33m,[39m [35m1[39m][33m,[39m[0m

      at Object.toEqual (modules/client/client.service.spec.ts:131:22)

FAIL src/modules/product/product.controller.spec.ts
  ÔùÅ ProductController ÔÇ║ getProducts ÔÇ║ should call productService.get with all parameters

    expect(jest.fn()).toHaveBeenCalledWith(...expected)

    Expected: "cred-1", 1, 2, 10, 1, 2, 5, "search term"
    Received: "cred-1", 2, 10, 1, 2, 5, "search term", undefined, undefined

    Number of calls: 1

    [0m [90m 56 |[39m       )[33m;[39m
     [90m 57 |[39m
    [31m[1m>[22m[39m[90m 58 |[39m       
expect(productService[33m.[39m[36mget[39m)[33m.[39mtoHaveBeenCalledWith(
     [90m    |[39m                                  [31m[1m^[22m[39m
     [90m 59 |[39m         [32m'cred-1'[39m[33m,[39m
     [90m 60 |[39m         [35m1[39m[33m,[39m
     [90m 61 |[39m         [35m2[39m[33m,[39m[0m

      at Object.toHaveBeenCalledWith (modules/product/product.controller.spec.ts:58:34)

  ÔùÅ ProductController ÔÇ║ getProducts ÔÇ║ should call productService.get without optional params

    expect(jest.fn()).toHaveBeenCalledWith(...expected)

    Expected: "cred-1", 1, undefined, undefined, undefined, undefined, undefined, undefined
    Received: "cred-1", undefined, undefined, undefined, undefined, undefined, undefined, undefined, undefined

    Number of calls: 1

    [0m [90m 74 |[39m       [36mawait[39m controller[33m.[39mgetProducts(mockReq)[33m;[39m
     [90m 75 |[39m
    [31m[1m>[22m[39m[90m 76 |[39m       
expect(productService[33m.[39m[36mget[39m)[33m.[39mtoHaveBeenCalledWith(
     [90m    |[39m                                  [31m[1m^[22m[39m
     [90m 77 |[39m         [32m'cred-1'[39m[33m,[39m
     [90m 78 |[39m         [35m1[39m[33m,[39m
     [90m 79 |[39m         undefined[33m,[39m[0m

      at Object.toHaveBeenCalledWith (modules/product/product.controller.spec.ts:76:34)

  ÔùÅ ProductController ÔÇ║ getProductById ÔÇ║ should call productService.getUnique with id

    expect(jest.fn()).toHaveBeenCalledWith(...expected)

    Expected: "cred-1", 1, 123, undefined
    Received: "cred-1", 1, 123, undefined, undefined

    Number of calls: 1

    [0m [90m 94 |[39m       [36mconst[39m result [33m=[39m [36mawait[39m 
controller[33m.[39mgetProductById(mockReq[33m,[39m [35m123[39m)[33m;[39m
     [90m 95 |[39m
    [31m[1m>[22m[39m[90m 96 |[39m       
expect(productService[33m.[39mgetUnique)[33m.[39mtoHaveBeenCalledWith(
     [90m    |[39m                                        [31m[1m^[22m[39m
     [90m 97 |[39m         [32m'cred-1'[39m[33m,[39m
     [90m 98 |[39m         [35m1[39m[33m,[39m
     [90m 99 |[39m         [35m123[39m[33m,[39m[0m

      at Object.toHaveBeenCalledWith (modules/product/product.controller.spec.ts:96:40)

  ÔùÅ ProductController ÔÇ║ getProductByBarcode ÔÇ║ should call productService.getUnique with barcode

    expect(jest.fn()).toHaveBeenCalledWith(...expected)

    Expected: "cred-1", 1, undefined, 123456789
    Received: "cred-1", 1, undefined, 123456789, undefined

    Number of calls: 1

    [0m [90m 119 |[39m       [36mconst[39m result [33m=[39m [36mawait[39m 
controller[33m.[39mgetProductByBarcode(mockReq[33m,[39m [35m123456789[39m)[33m;[39m
     [90m 120 |[39m
    [31m[1m>[22m[39m[90m 121 |[39m       
expect(productService[33m.[39mgetUnique)[33m.[39mtoHaveBeenCalledWith(
     [90m     |[39m                                        [31m[1m^[22m[39m
     [90m 122 |[39m         [32m'cred-1'[39m[33m,[39m
     [90m 123 |[39m         [35m1[39m[33m,[39m
     [90m 124 |[39m         undefined[33m,[39m[0m

      at Object.toHaveBeenCalledWith (modules/product/product.controller.spec.ts:121:40)

FAIL src/modules/order/order.controller.spec.ts
  ÔùÅ OrderController ÔÇ║ getOrders ÔÇ║ should call orderService.get with pagination params

    expect(jest.fn()).toHaveBeenCalledWith(...expected)

    Expected: "cred-1", 1, 2, 10
    Received: "cred-1", 1, 2, 10, {"clientId": undefined, "employeeId": undefined, "endDate": undefined, "startDate": 
undefined}

    Number of calls: 1

    [0m [90m 119 |[39m       [36mconst[39m result [33m=[39m [36mawait[39m 
controller[33m.[39mgetOrders(mockReq[33m,[39m [35m2[39m[33m,[39m [35m10[39m)[33m;[39m
     [90m 120 |[39m
    [31m[1m>[22m[39m[90m 121 |[39m       
expect(orderService[33m.[39m[36mget[39m)[33m.[39mtoHaveBeenCalledWith([32m'cred-1'[39m[33m,[39m 
[35m1[39m[33m,[39m [35m2[39m[33m,[39m [35m10[39m)[33m;[39m
     [90m     |[39m                                [31m[1m^[22m[39m
     [90m 122 |[39m       expect(result)[33m.[39mtoEqual([{ id[33m:[39m [35m1[39m }[33m,[39m { id[33m:[39m 
[35m2[39m }])[33m;[39m
     [90m 123 |[39m     })[33m;[39m
     [90m 124 |[39m[0m

      at Object.toHaveBeenCalledWith (modules/order/order.controller.spec.ts:121:32)

  ÔùÅ OrderController ÔÇ║ getOrders ÔÇ║ should call orderService.get without pagination when not provided

    expect(jest.fn()).toHaveBeenCalledWith(...expected)

    Expected: "cred-1", 1, undefined, undefined
    Received: "cred-1", 1, undefined, undefined, {"clientId": undefined, "employeeId": undefined, "endDate": 
undefined, "startDate": undefined}

    Number of calls: 1

    [0m [90m 128 |[39m       [36mawait[39m controller[33m.[39mgetOrders(mockReq)[33m;[39m
     [90m 129 |[39m
    [31m[1m>[22m[39m[90m 130 |[39m       
expect(orderService[33m.[39m[36mget[39m)[33m.[39mtoHaveBeenCalledWith(
     [90m     |[39m                                [31m[1m^[22m[39m
     [90m 131 |[39m         [32m'cred-1'[39m[33m,[39m
     [90m 132 |[39m         [35m1[39m[33m,[39m
     [90m 133 |[39m         undefined[33m,[39m[0m

      at Object.toHaveBeenCalledWith (modules/order/order.controller.spec.ts:130:32)

PASS src/modules/payment-method/payment-method.controller.spec.ts
PASS src/config/env/env.service.spec.ts
  ÔùÅ Console

    console.error
      ÔØî Invalid environment variables

    [0m [90m 10 |[39m
     [90m 11 |[39m     [36mif[39m ([33m![39mparsed[33m.[39msuccess) {
    [31m[1m>[22m[39m[90m 12 |[39m       console[33m.[39merror([32m'ÔØî Invalid environment 
variables'[39m)[33m;[39m
     [90m    |[39m               [31m[1m^[22m[39m
     [90m 13 |[39m       console[33m.[39merror(parsed[33m.[39merror[33m.[39mformat())[33m;[39m
     [90m 14 |[39m       [36mthrow[39m [36mnew[39m [33mError[39m([32m'Invalid environment 
variables'[39m)[33m;[39m
     [90m 15 |[39m     }[0m

      at new error (config/env/env.service.ts:12:15)
      at config/env/env.service.spec.ts:207:20
      at Object.<anonymous> (../node_modules/expect/build/index.js:1824:9)
      at Object.throwingMatcher [as toThrow] (../node_modules/expect/build/index.js:2235:93)
      at Object.toThrow (config/env/env.service.spec.ts:207:65)

    console.error
      { PORT: { _errors: [ 'Invalid port' ] } }

    [0m [90m 11 |[39m     [36mif[39m ([33m![39mparsed[33m.[39msuccess) {
     [90m 12 |[39m       console[33m.[39merror([32m'ÔØî Invalid environment variables'[39m)[33m;[39m
    [31m[1m>[22m[39m[90m 13 |[39m       
console[33m.[39merror(parsed[33m.[39merror[33m.[39mformat())[33m;[39m
     [90m    |[39m               [31m[1m^[22m[39m
     [90m 14 |[39m       [36mthrow[39m [36mnew[39m [33mError[39m([32m'Invalid environment 
variables'[39m)[33m;[39m
     [90m 15 |[39m     }
     [90m 16 |[39m[0m

      at new error (config/env/env.service.ts:13:15)
      at config/env/env.service.spec.ts:207:20
      at Object.<anonymous> (../node_modules/expect/build/index.js:1824:9)
      at Object.throwingMatcher [as toThrow] (../node_modules/expect/build/index.js:2235:93)
      at Object.toThrow (config/env/env.service.spec.ts:207:65)

    console.error
      ÔØî Invalid environment variables

    [0m [90m 10 |[39m
     [90m 11 |[39m     [36mif[39m ([33m![39mparsed[33m.[39msuccess) {
    [31m[1m>[22m[39m[90m 12 |[39m       console[33m.[39merror([32m'ÔØî Invalid environment 
variables'[39m)[33m;[39m
     [90m    |[39m               [31m[1m^[22m[39m
     [90m 13 |[39m       console[33m.[39merror(parsed[33m.[39merror[33m.[39mformat())[33m;[39m
     [90m 14 |[39m       [36mthrow[39m [36mnew[39m [33mError[39m([32m'Invalid environment 
variables'[39m)[33m;[39m
     [90m 15 |[39m     }[0m

      at new error (config/env/env.service.ts:12:15)
      at config/env/env.service.spec.ts:223:20
      at Object.<anonymous> (../node_modules/expect/build/index.js:1824:9)
      at Object.throwingMatcher [as toThrow] (../node_modules/expect/build/index.js:2235:93)
      at Object.toThrow (config/env/env.service.spec.ts:223:65)

    console.error
      { JWT_SECRET: { _errors: [ 'Required' ] } }

    [0m [90m 11 |[39m     [36mif[39m ([33m![39mparsed[33m.[39msuccess) {
     [90m 12 |[39m       console[33m.[39merror([32m'ÔØî Invalid environment variables'[39m)[33m;[39m
    [31m[1m>[22m[39m[90m 13 |[39m       
console[33m.[39merror(parsed[33m.[39merror[33m.[39mformat())[33m;[39m
     [90m    |[39m               [31m[1m^[22m[39m
     [90m 14 |[39m       [36mthrow[39m [36mnew[39m [33mError[39m([32m'Invalid environment 
variables'[39m)[33m;[39m
     [90m 15 |[39m     }
     [90m 16 |[39m[0m

      at new error (config/env/env.service.ts:13:15)
      at config/env/env.service.spec.ts:223:20
      at Object.<anonymous> (../node_modules/expect/build/index.js:1824:9)
      at Object.throwingMatcher [as toThrow] (../node_modules/expect/build/index.js:2235:93)
      at Object.toThrow (config/env/env.service.spec.ts:223:65)

PASS src/modules/supplier/supplier.controller.spec.ts
PASS src/modules/employee/employee.controller.spec.ts
PASS src/modules/order/order-item/order-item.service.spec.ts
PASS src/modules/service-provider/service-provider.controller.spec.ts
PASS src/modules/account-receivable/account-receivable.service.spec.ts
PASS src/modules/auth/auth.controller.spec.ts
PASS src/modules/auth/auth.service.spec.ts
PASS src/modules/payment-method/payment-method.service.spec.ts
[31m[Nest] 12084  - [39m15/05/2026, 16:07:24 [31m  ERROR[39m [38;5;3m[SupplierService] [39m[31mErro ao buscar 
fornecedores. Tenant: cred-1[39m
[31m[Nest] 12084  - [39m15/05/2026, 16:07:24 [31m  ERROR[39m [38;5;3m[SupplierService] [39mBadRequestException: 
Pesquisa precisa ter pelo menos 3 caracteres.
    at SupplierService.get [90m(C:\dev\infoapi\[39msrc\modules\supplier\supplier.service.ts:48:17[90m)[39m
[90m    at processTicksAndRejections (node:internal/process/task_queues:104:5)[39m
    at Object.<anonymous> [90m(C:\dev\infoapi\[39msrc\modules\supplier\supplier.service.spec.ts:72:7[90m)[39m {
  response: {
    message: [32m'Pesquisa precisa ter pelo menos 3 caracteres.'[39m,
    error: [32m'Bad Request'[39m,
    statusCode: [33m400[39m
  },
  status: [33m400[39m,
  options: {}
}
PASS src/modules/supplier/supplier.service.spec.ts
  ÔùÅ Console

    console.error
      BadRequestException: Pesquisa precisa ter pelo menos 3 caracteres.
          at SupplierService.get (C:\dev\infoapi\src\modules\supplier\supplier.service.ts:48:17)
          at processTicksAndRejections (node:internal/process/task_queues:104:5)
          at Object.<anonymous> (C:\dev\infoapi\src\modules\supplier\supplier.service.spec.ts:72:7) {
        response: {
          message: 'Pesquisa precisa ter pelo menos 3 caracteres.',
          error: 'Bad Request',
          statusCode: 400
        },
        status: 400,
        options: {}
      }

    [0m [90m 68 |[39m       [36mreturn[39m result[33m;[39m
     [90m 69 |[39m     } [36mcatch[39m (error) {
    [31m[1m>[22m[39m[90m 70 |[39m       console[33m.[39merror(error)[33m;[39m
     [90m    |[39m               [31m[1m^[22m[39m
     [90m 71 |[39m       [36mthis[39m[33m.[39mlogger[33m.[39merror(
     [90m 72 |[39m         [32m`Erro ao buscar fornecedores. Tenant: ${credentialsId}`[39m[33m,[39m
     [90m 73 |[39m         error[33m,[39m[0m

      at SupplierService.error [as get] (modules/supplier/supplier.service.ts:70:15)
      at Object.<anonymous> (modules/supplier/supplier.service.spec.ts:72:7)

PASS src/modules/product/brand/product-brand.service.spec.ts
PASS src/modules/order/order.service.spec.ts
FAIL src/infra/database/tenant-connection.service.spec.ts (7.655 s)
  ÔùÅ TenantConnectionService ÔÇ║ getConnection ÔÇ║ should fetch credentials from prisma on first call

    TypeError: db.listenerCount is not a function

    [0m [90m 42 |[39m           [90m// Previne crash por Unhandled 'error' event caso a conex├úo caia depois[39m
     [90m 43 |[39m           [90m// Verifica se j├í tem listener para n├úo vazar mem├│ria no pool 
(MaxListenersExceededWarning)[39m
    [31m[1m>[22m[39m[90m 44 |[39m           [36mif[39m ((db [36mas[39m 
any)[33m.[39mlistenerCount([32m'error'[39m) [33m===[39m [35m0[39m) {
     [90m    |[39m                           [31m[1m^[22m[39m
     [90m 45 |[39m             (db [36mas[39m any)[33m.[39mon([32m'error'[39m[33m,[39m (dbErr[33m:[39m 
any) [33m=>[39m {
     [90m 46 |[39m               [36mthis[39m[33m.[39mlogger[33m.[39merror([32m`Erro na conex├úo Firebird 
para o tenant ${credentialsId}: ${dbErr?.message}`[39m)[33m;[39m
     [90m 47 |[39m             })[33m;[39m[0m

      at listenerCount (infra/database/tenant-connection.service.ts:44:27)
      at Object.callback (infra/database/tenant-connection.service.spec.ts:25:55)
      at get (infra/database/tenant-connection.service.ts:38:14)
      at TenantConnectionService.getConnection (infra/database/tenant-connection.service.ts:32:20)
      at Object.<anonymous> (infra/database/tenant-connection.service.spec.ts:56:7)

  ÔùÅ TenantConnectionService ÔÇ║ getConnection ÔÇ║ should NOT fetch credentials from prisma on second call 
(credentialsCache)

    TypeError: db.listenerCount is not a function

    [0m [90m 42 |[39m           [90m// Previne crash por Unhandled 'error' event caso a conex├úo caia depois[39m
     [90m 43 |[39m           [90m// Verifica se j├í tem listener para n├úo vazar mem├│ria no pool 
(MaxListenersExceededWarning)[39m
    [31m[1m>[22m[39m[90m 44 |[39m           [36mif[39m ((db [36mas[39m 
any)[33m.[39mlistenerCount([32m'error'[39m) [33m===[39m [35m0[39m) {
     [90m    |[39m                           [31m[1m^[22m[39m
     [90m 45 |[39m             (db [36mas[39m any)[33m.[39mon([32m'error'[39m[33m,[39m (dbErr[33m:[39m 
any) [33m=>[39m {
     [90m 46 |[39m               [36mthis[39m[33m.[39mlogger[33m.[39merror([32m`Erro na conex├úo Firebird 
para o tenant ${credentialsId}: ${dbErr?.message}`[39m)[33m;[39m
     [90m 47 |[39m             })[33m;[39m[0m

      at listenerCount (infra/database/tenant-connection.service.ts:44:27)
      at Object.callback (infra/database/tenant-connection.service.spec.ts:25:55)
      at get (infra/database/tenant-connection.service.ts:38:14)
      at TenantConnectionService.getConnection (infra/database/tenant-connection.service.ts:32:20)
      at Object.<anonymous> (infra/database/tenant-connection.service.spec.ts:65:7)

  ÔùÅ TenantConnectionService ÔÇ║ getConnection ÔÇ║ should return a connection from the pool

    TypeError: db.listenerCount is not a function

    [0m [90m 42 |[39m           [90m// Previne crash por Unhandled 'error' event caso a conex├úo caia depois[39m
     [90m 43 |[39m           [90m// Verifica se j├í tem listener para n├úo vazar mem├│ria no pool 
(MaxListenersExceededWarning)[39m
    [31m[1m>[22m[39m[90m 44 |[39m           [36mif[39m ((db [36mas[39m 
any)[33m.[39mlistenerCount([32m'error'[39m) [33m===[39m [35m0[39m) {
     [90m    |[39m                           [31m[1m^[22m[39m
     [90m 45 |[39m             (db [36mas[39m any)[33m.[39mon([32m'error'[39m[33m,[39m (dbErr[33m:[39m 
any) [33m=>[39m {
     [90m 46 |[39m               [36mthis[39m[33m.[39mlogger[33m.[39merror([32m`Erro na conex├úo Firebird 
para o tenant ${credentialsId}: ${dbErr?.message}`[39m)[33m;[39m
     [90m 47 |[39m             })[33m;[39m[0m

      at listenerCount (infra/database/tenant-connection.service.ts:44:27)
      at Object.callback (infra/database/tenant-connection.service.spec.ts:25:55)
      at get (infra/database/tenant-connection.service.ts:38:14)
      at TenantConnectionService.getConnection (infra/database/tenant-connection.service.ts:32:20)
      at Object.<anonymous> (infra/database/tenant-connection.service.spec.ts:72:20)

  ÔùÅ TenantConnectionService ÔÇ║ getConnection ÔÇ║ should retry once if pool.get fails

    TypeError: db.listenerCount is not a function

    [0m [90m 42 |[39m           [90m// Previne crash por Unhandled 'error' event caso a conex├úo caia depois[39m
     [90m 43 |[39m           [90m// Verifica se j├í tem listener para n├úo vazar mem├│ria no pool 
(MaxListenersExceededWarning)[39m
    [31m[1m>[22m[39m[90m 44 |[39m           [36mif[39m ((db [36mas[39m 
any)[33m.[39mlistenerCount([32m'error'[39m) [33m===[39m [35m0[39m) {
     [90m    |[39m                           [31m[1m^[22m[39m
     [90m 45 |[39m             (db [36mas[39m any)[33m.[39mon([32m'error'[39m[33m,[39m (dbErr[33m:[39m 
any) [33m=>[39m {
     [90m 46 |[39m               [36mthis[39m[33m.[39mlogger[33m.[39merror([32m`Erro na conex├úo Firebird 
para o tenant ${credentialsId}: ${dbErr?.message}`[39m)[33m;[39m
     [90m 47 |[39m             })[33m;[39m[0m

      at listenerCount (infra/database/tenant-connection.service.ts:44:27)
      at Object.callback (infra/database/tenant-connection.service.spec.ts:89:47)
      at get (infra/database/tenant-connection.service.ts:38:14)
      at TenantConnectionService.getConnection (infra/database/tenant-connection.service.ts:32:20)
      at Object.<anonymous> (infra/database/tenant-connection.service.spec.ts:91:20)

  ÔùÅ TenantConnectionService ÔÇ║ getConnection ÔÇ║ should retry once if pool.get times out

    TypeError: db.listenerCount is not a function

    [0m [90m 42 |[39m           [90m// Previne crash por Unhandled 'error' event caso a conex├úo caia depois[39m
     [90m 43 |[39m           [90m// Verifica se j├í tem listener para n├úo vazar mem├│ria no pool 
(MaxListenersExceededWarning)[39m
    [31m[1m>[22m[39m[90m 44 |[39m           [36mif[39m ((db [36mas[39m 
any)[33m.[39mlistenerCount([32m'error'[39m) [33m===[39m [35m0[39m) {
     [90m    |[39m                           [31m[1m^[22m[39m
     [90m 45 |[39m             (db [36mas[39m any)[33m.[39mon([32m'error'[39m[33m,[39m (dbErr[33m:[39m 
any) [33m=>[39m {
     [90m 46 |[39m               [36mthis[39m[33m.[39mlogger[33m.[39merror([32m`Erro na conex├úo Firebird 
para o tenant ${credentialsId}: ${dbErr?.message}`[39m)[33m;[39m
     [90m 47 |[39m             })[33m;[39m[0m

      at listenerCount (infra/database/tenant-connection.service.ts:44:27)
      at Object.callback (infra/database/tenant-connection.service.spec.ts:114:47)
      at get (infra/database/tenant-connection.service.ts:38:14)
      at TenantConnectionService.getConnection (infra/database/tenant-connection.service.ts:32:20)

  ÔùÅ TenantConnectionService ÔÇ║ getConnection ÔÇ║ should retry once if pool.get times out

    TypeError: db.listenerCount is not a function

    [0m [90m 42 |[39m           [90m// Previne crash por Unhandled 'error' event caso a conex├úo caia depois[39m
     [90m 43 |[39m           [90m// Verifica se j├í tem listener para n├úo vazar mem├│ria no pool 
(MaxListenersExceededWarning)[39m
    [31m[1m>[22m[39m[90m 44 |[39m           [36mif[39m ((db [36mas[39m 
any)[33m.[39mlistenerCount([32m'error'[39m) [33m===[39m [35m0[39m) {
     [90m    |[39m                           [31m[1m^[22m[39m
     [90m 45 |[39m             (db [36mas[39m any)[33m.[39mon([32m'error'[39m[33m,[39m (dbErr[33m:[39m 
any) [33m=>[39m {
     [90m 46 |[39m               [36mthis[39m[33m.[39mlogger[33m.[39merror([32m`Erro na conex├úo Firebird 
para o tenant ${credentialsId}: ${dbErr?.message}`[39m)[33m;[39m
     [90m 47 |[39m             })[33m;[39m[0m

      at listenerCount (infra/database/tenant-connection.service.ts:44:27)
      at Object.callback (infra/database/tenant-connection.service.spec.ts:114:47)
      at get (infra/database/tenant-connection.service.ts:38:14)
      at TenantConnectionService.getConnection (infra/database/tenant-connection.service.ts:32:20)

  ÔùÅ TenantConnectionService ÔÇ║ getConnection ÔÇ║ should retry once if pool.get times out

    TypeError: db.listenerCount is not a function

    [0m [90m 42 |[39m           [90m// Previne crash por Unhandled 'error' event caso a conex├úo caia depois[39m
     [90m 43 |[39m           [90m// Verifica se j├í tem listener para n├úo vazar mem├│ria no pool 
(MaxListenersExceededWarning)[39m
    [31m[1m>[22m[39m[90m 44 |[39m           [36mif[39m ((db [36mas[39m 
any)[33m.[39mlistenerCount([32m'error'[39m) [33m===[39m [35m0[39m) {
     [90m    |[39m                           [31m[1m^[22m[39m
     [90m 45 |[39m             (db [36mas[39m any)[33m.[39mon([32m'error'[39m[33m,[39m (dbErr[33m:[39m 
any) [33m=>[39m {
     [90m 46 |[39m               [36mthis[39m[33m.[39mlogger[33m.[39merror([32m`Erro na conex├úo Firebird 
para o tenant ${credentialsId}: ${dbErr?.message}`[39m)[33m;[39m
     [90m 47 |[39m             })[33m;[39m[0m

      at listenerCount (infra/database/tenant-connection.service.ts:44:27)
      at Object.callback (infra/database/tenant-connection.service.spec.ts:114:47)
      at get (infra/database/tenant-connection.service.ts:38:14)
      at TenantConnectionService.getConnection (infra/database/tenant-connection.service.ts:32:20)

  ÔùÅ TenantConnectionService ÔÇ║ destroyPool ÔÇ║ should destroy the pool and remove from poolCache

    TypeError: db.listenerCount is not a function

    [0m [90m 42 |[39m           [90m// Previne crash por Unhandled 'error' event caso a conex├úo caia depois[39m
     [90m 43 |[39m           [90m// Verifica se j├í tem listener para n├úo vazar mem├│ria no pool 
(MaxListenersExceededWarning)[39m
    [31m[1m>[22m[39m[90m 44 |[39m           [36mif[39m ((db [36mas[39m 
any)[33m.[39mlistenerCount([32m'error'[39m) [33m===[39m [35m0[39m) {
     [90m    |[39m                           [31m[1m^[22m[39m
     [90m 45 |[39m             (db [36mas[39m any)[33m.[39mon([32m'error'[39m[33m,[39m (dbErr[33m:[39m 
any) [33m=>[39m {
     [90m 46 |[39m               [36mthis[39m[33m.[39mlogger[33m.[39merror([32m`Erro na conex├úo Firebird 
para o tenant ${credentialsId}: ${dbErr?.message}`[39m)[33m;[39m
     [90m 47 |[39m             })[33m;[39m[0m

      at listenerCount (infra/database/tenant-connection.service.ts:44:27)
      at Object.callback (infra/database/tenant-connection.service.spec.ts:25:55)
      at get (infra/database/tenant-connection.service.ts:38:14)
      at TenantConnectionService.getConnection (infra/database/tenant-connection.service.ts:32:20)
      at Object.<anonymous> (infra/database/tenant-connection.service.spec.ts:141:7)

  ÔùÅ TenantConnectionService ÔÇ║ destroyPool ÔÇ║ should handle timeout during pool destruction gracefully

    thrown: "Exceeded timeout of 5000 ms for a test.
    Add a timeout value to this test to increase the timeout, if this is a long-running test. See 
https://jestjs.io/docs/api#testname-fn-timeout."

    [0m [90m 150 |[39m     })[33m;[39m
     [90m 151 |[39m
    [31m[1m>[22m[39m[90m 152 |[39m     it([32m'should handle timeout during pool destruction 
gracefully'[39m[33m,[39m [36masync[39m () [33m=>[39m {
     [90m     |[39m     [31m[1m^[22m[39m
     [90m 153 |[39m       jest[33m.[39museFakeTimers()[33m;[39m
     [90m 154 |[39m       mockPool[33m.[39mdestroy[33m.[39mmockImplementation(() [33m=>[39m {
     [90m 155 |[39m         [90m// Simula hang no destroy[39m[0m

      at it (infra/database/tenant-connection.service.spec.ts:152:5)
      at describe (infra/database/tenant-connection.service.spec.ts:139:3)
      at Object.describe (infra/database/tenant-connection.service.spec.ts:6:1)

  ÔùÅ TenantConnectionService ÔÇ║ invalidateCredentials ÔÇ║ should destroy pool and clear credentials cache

    TypeError: db.listenerCount is not a function

    [0m [90m 42 |[39m           [90m// Previne crash por Unhandled 'error' event caso a conex├úo caia depois[39m
     [90m 43 |[39m           [90m// Verifica se j├í tem listener para n├úo vazar mem├│ria no pool 
(MaxListenersExceededWarning)[39m
    [31m[1m>[22m[39m[90m 44 |[39m           [36mif[39m ((db [36mas[39m 
any)[33m.[39mlistenerCount([32m'error'[39m) [33m===[39m [35m0[39m) {
     [90m    |[39m                           [31m[1m^[22m[39m
     [90m 45 |[39m             (db [36mas[39m any)[33m.[39mon([32m'error'[39m[33m,[39m (dbErr[33m:[39m 
any) [33m=>[39m {
     [90m 46 |[39m               [36mthis[39m[33m.[39mlogger[33m.[39merror([32m`Erro na conex├úo Firebird 
para o tenant ${credentialsId}: ${dbErr?.message}`[39m)[33m;[39m
     [90m 47 |[39m             })[33m;[39m[0m

      at listenerCount (infra/database/tenant-connection.service.ts:44:27)
      at Object.callback (infra/database/tenant-connection.service.spec.ts:25:55)
      at get (infra/database/tenant-connection.service.ts:38:14)
      at TenantConnectionService.getConnection (infra/database/tenant-connection.service.ts:32:20)
      at Object.<anonymous> (infra/database/tenant-connection.service.spec.ts:171:7)

[31m[Nest] 4452  - [39m15/05/2026, 16:07:25 [31m  ERROR[39m [38;5;3m[ServiceProviderService] [39m[31mErro ao 
buscar prestadores. Tenant: cred-1[39m
[31m[Nest] 4452  - [39m15/05/2026, 16:07:25 [31m  ERROR[39m [38;5;3m[ServiceProviderService] 
[39mBadRequestException: Pesquisa precisa ter pelo menos 3 caracteres.
    at ServiceProviderService.get 
[90m(C:\dev\infoapi\[39msrc\modules\service-provider\service-provider.service.ts:46:17[90m)[39m
[90m    at processTicksAndRejections (node:internal/process/task_queues:104:5)[39m
    at Object.<anonymous> 
[90m(C:\dev\infoapi\[39msrc\modules\service-provider\service-provider.service.spec.ts:73:7[90m)[39m {
  response: {
    message: [32m'Pesquisa precisa ter pelo menos 3 caracteres.'[39m,
    error: [32m'Bad Request'[39m,
    statusCode: [33m400[39m
  },
  status: [33m400[39m,
  options: {}
}
[31m[Nest] 4452  - [39m15/05/2026, 16:07:25 [31m  ERROR[39m [38;5;3m[ServiceProviderService] [39m[31mErro ao 
buscar prestadores. Tenant: cred-1[39m
[31m[Nest] 4452  - [39m15/05/2026, 16:07:25 [31m  ERROR[39m [38;5;3m[ServiceProviderService] [39mError: DB error
    at Object.<anonymous> 
[90m(C:\dev\infoapi\[39msrc\modules\service-provider\service-provider.service.spec.ts:97:20[90m)[39m
    at [90mC:\dev\infoapi\[39mnode_modules\[4mjest-mock[24m\build\index.js:305:39
    at Object.<anonymous> [90m(C:\dev\infoapi\[39mnode_modules\[4mjest-mock[24m\build\index.js:312:13[90m)[39m
    at Object.mockConstructor [as query] 
[90m(C:\dev\infoapi\[39mnode_modules\[4mjest-mock[24m\build\index.js:102:19[90m)[39m
    at query [90m(C:\dev\infoapi\[39msrc\modules\service-provider\service-provider.service.ts:56:20[90m)[39m
    at new Promise (<anonymous>)
    at ServiceProviderService.get 
[90m(C:\dev\infoapi\[39msrc\modules\service-provider\service-provider.service.ts:55:28[90m)[39m
[90m    at processTicksAndRejections (node:internal/process/task_queues:104:5)[39m
    at Object.<anonymous> 
[90m(C:\dev\infoapi\[39msrc\modules\service-provider\service-provider.service.spec.ts:101:7[90m)[39m
PASS src/modules/service-provider/service-provider.service.spec.ts
  ÔùÅ Console

    console.error
      BadRequestException: Pesquisa precisa ter pelo menos 3 caracteres.
          at ServiceProviderService.get (C:\dev\infoapi\src\modules\service-provider\service-provider.service.ts:46:17)
          at processTicksAndRejections (node:internal/process/task_queues:104:5)
          at Object.<anonymous> (C:\dev\infoapi\src\modules\service-provider\service-provider.service.spec.ts:73:7) {
        response: {
          message: 'Pesquisa precisa ter pelo menos 3 caracteres.',
          error: 'Bad Request',
          statusCode: 400
        },
        status: 400,
        options: {}
      }

    [0m [90m 66 |[39m       [36mreturn[39m result[33m;[39m
     [90m 67 |[39m     } [36mcatch[39m (error) {
    [31m[1m>[22m[39m[90m 68 |[39m       console[33m.[39merror(error)[33m;[39m
     [90m    |[39m               [31m[1m^[22m[39m
     [90m 69 |[39m       [36mthis[39m[33m.[39mlogger[33m.[39merror(
     [90m 70 |[39m         [32m`Erro ao buscar prestadores. Tenant: ${credentialsId}`[39m[33m,[39m
     [90m 71 |[39m         error[33m,[39m[0m

      at ServiceProviderService.error [as get] (modules/service-provider/service-provider.service.ts:68:15)
      at Object.<anonymous> (modules/service-provider/service-provider.service.spec.ts:73:7)

    console.error
      Error: DB error
          at Object.<anonymous> (C:\dev\infoapi\src\modules\service-provider\service-provider.service.spec.ts:97:20)
          at C:\dev\infoapi\node_modules\jest-mock\build\index.js:305:39
          at Object.<anonymous> (C:\dev\infoapi\node_modules\jest-mock\build\index.js:312:13)
          at Object.mockConstructor [as query] (C:\dev\infoapi\node_modules\jest-mock\build\index.js:102:19)
          at query (C:\dev\infoapi\src\modules\service-provider\service-provider.service.ts:56:20)
          at new Promise (<anonymous>)
          at ServiceProviderService.get (C:\dev\infoapi\src\modules\service-provider\service-provider.service.ts:55:28)
          at processTicksAndRejections (node:internal/process/task_queues:104:5)
          at Object.<anonymous> (C:\dev\infoapi\src\modules\service-provider\service-provider.service.spec.ts:101:7)

    [0m [90m 66 |[39m       [36mreturn[39m result[33m;[39m
     [90m 67 |[39m     } [36mcatch[39m (error) {
    [31m[1m>[22m[39m[90m 68 |[39m       console[33m.[39merror(error)[33m;[39m
     [90m    |[39m               [31m[1m^[22m[39m
     [90m 69 |[39m       [36mthis[39m[33m.[39mlogger[33m.[39merror(
     [90m 70 |[39m         [32m`Erro ao buscar prestadores. Tenant: ${credentialsId}`[39m[33m,[39m
     [90m 71 |[39m         error[33m,[39m[0m

      at ServiceProviderService.error [as get] (modules/service-provider/service-provider.service.ts:68:15)
      at Object.<anonymous> (modules/service-provider/service-provider.service.spec.ts:101:7)

PASS src/modules/product/group/product-group.service.spec.ts
[31m[Nest] 12084  - [39m15/05/2026, 16:07:26 [31m  ERROR[39m [38;5;3m[EmployeeService] [39m[31mErro ao buscar 
funcion├írios. Tenant: cred-1[39m
[31m[Nest] 12084  - [39m15/05/2026, 16:07:26 [31m  ERROR[39m [38;5;3m[EmployeeService] [39mBadRequestException: 
Pesquisa precisa ter pelo menos 3 caracteres.
    at EmployeeService.get [90m(C:\dev\infoapi\[39msrc\modules\employee\employee.service.ts:43:17[90m)[39m
[90m    at processTicksAndRejections (node:internal/process/task_queues:104:5)[39m
    at Object.<anonymous> [90m(C:\dev\infoapi\[39msrc\modules\employee\employee.service.spec.ts:73:7[90m)[39m {
  response: {
    message: [32m'Pesquisa precisa ter pelo menos 3 caracteres.'[39m,
    error: [32m'Bad Request'[39m,
    statusCode: [33m400[39m
  },
  status: [33m400[39m,
  options: {}
}
PASS src/modules/employee/employee.service.spec.ts
  ÔùÅ Console

    console.error
      BadRequestException: Pesquisa precisa ter pelo menos 3 caracteres.
          at EmployeeService.get (C:\dev\infoapi\src\modules\employee\employee.service.ts:43:17)
          at processTicksAndRejections (node:internal/process/task_queues:104:5)
          at Object.<anonymous> (C:\dev\infoapi\src\modules\employee\employee.service.spec.ts:73:7) {
        response: {
          message: 'Pesquisa precisa ter pelo menos 3 caracteres.',
          error: 'Bad Request',
          statusCode: 400
        },
        status: 400,
        options: {}
      }

    [0m [90m 63 |[39m       [36mreturn[39m result[33m;[39m
     [90m 64 |[39m     } [36mcatch[39m (error) {
    [31m[1m>[22m[39m[90m 65 |[39m       console[33m.[39merror(error)[33m;[39m
     [90m    |[39m               [31m[1m^[22m[39m
     [90m 66 |[39m       [36mthis[39m[33m.[39mlogger[33m.[39merror(
     [90m 67 |[39m         [32m`Erro ao buscar funcion├írios. Tenant: ${credentialsId}`[39m[33m,[39m
     [90m 68 |[39m         error[33m,[39m[0m

      at EmployeeService.error [as get] (modules/employee/employee.service.ts:65:15)
      at Object.<anonymous> (modules/employee/employee.service.spec.ts:73:7)

PASS src/modules/account-receivable/account-receivable.controller.spec.ts
PASS src/modules/client/client.controller.spec.ts
PASS src/modules/order/dto/generate-receipt.dto.spec.ts
PASS src/modules/product/brand/product-brand.controller.spec.ts
PASS src/modules/order/dto/create-order.dto.spec.ts
PASS src/infra/firebird/firebird.service.spec.ts
PASS src/modules/product/group/product-group.controller.spec.ts
PASS src/modules/auth/dto/refresh.dto.spec.ts
PASS src/modules/product/product.service.spec.ts
PASS src/modules/receipt/dto/create-receipt.dto.spec.ts
PASS src/infra/prisma/registry-prisma.service.spec.ts
PASS src/modules/order/dto/sold-product.dto.spec.ts
PASS src/modules/auth/dto/login.dto.spec.ts
PASS src/common/validation/zod/schemas/pagination.schema.spec.ts
PASS src/utils/crypto.util.spec.ts
PASS src/utils/ids.util.spec.ts
PASS src/common/validation/zod-dto.spec.ts
PASS src/modules/receipt/receipt.service.spec.ts
  ÔùÅ Console

    console.log
      { ID: 456 }

      at ReceiptService.log [as post] (modules/receipt/receipt.service.ts:986:15)

    console.log
      { ID: 0 }

      at ReceiptService.log [as post] (modules/receipt/receipt.service.ts:986:15)

    console.log
      { ID: 456 }

      at ReceiptService.log [as post] (modules/receipt/receipt.service.ts:986:15)


Summary of all failing tests
FAIL modules/client/client.service.spec.ts
  ÔùÅ ClientService ÔÇ║ update ÔÇ║ should update existing client

    expect(received).toEqual(expected) // deep equality

    Expected: [{"CLI_CODIGO": 1, "CLI_NOME": "Updated Name"}]
    Received: {"CLI_CODIGO": 1, "CLI_NOME": "Updated Name"}

    [0m [90m 129 |[39m       [36mconst[39m result [33m=[39m [36mawait[39m 
service[33m.[39mupdate([32m'cred-1'[39m[33m,[39m [35m1[39m[33m,[39m [35m1[39m[33m,[39m 
payload)[33m;[39m
     [90m 130 |[39m
    [31m[1m>[22m[39m[90m 131 |[39m       expect(result)[33m.[39mtoEqual([{ [33mCLI_CODIGO[39m[33m:[39m 
[35m1[39m[33m,[39m [33mCLI_NOME[39m[33m:[39m [32m'Updated Name'[39m }])[33m;[39m
     [90m     |[39m                      [31m[1m^[22m[39m
     [90m 132 |[39m       expect(mockConnection[33m.[39mquery)[33m.[39mtoHaveBeenCalledWith(
     [90m 133 |[39m         expect[33m.[39mstringContaining([32m'UPDATE clientes SET CLI_NOME = 
?'[39m)[33m,[39m
     [90m 134 |[39m         [[32m'Updated Name'[39m[33m,[39m [35m1[39m[33m,[39m [35m1[39m][33m,[39m[0m

      at Object.toEqual (modules/client/client.service.spec.ts:131:22)

FAIL modules/product/product.controller.spec.ts
  ÔùÅ ProductController ÔÇ║ getProducts ÔÇ║ should call productService.get with all parameters

    expect(jest.fn()).toHaveBeenCalledWith(...expected)

    Expected: "cred-1", 1, 2, 10, 1, 2, 5, "search term"
    Received: "cred-1", 2, 10, 1, 2, 5, "search term", undefined, undefined

    Number of calls: 1

    [0m [90m 56 |[39m       )[33m;[39m
     [90m 57 |[39m
    [31m[1m>[22m[39m[90m 58 |[39m       
expect(productService[33m.[39m[36mget[39m)[33m.[39mtoHaveBeenCalledWith(
     [90m    |[39m                                  [31m[1m^[22m[39m
     [90m 59 |[39m         [32m'cred-1'[39m[33m,[39m
     [90m 60 |[39m         [35m1[39m[33m,[39m
     [90m 61 |[39m         [35m2[39m[33m,[39m[0m

      at Object.toHaveBeenCalledWith (modules/product/product.controller.spec.ts:58:34)

  ÔùÅ ProductController ÔÇ║ getProducts ÔÇ║ should call productService.get without optional params

    expect(jest.fn()).toHaveBeenCalledWith(...expected)

    Expected: "cred-1", 1, undefined, undefined, undefined, undefined, undefined, undefined
    Received: "cred-1", undefined, undefined, undefined, undefined, undefined, undefined, undefined, undefined

    Number of calls: 1

    [0m [90m 74 |[39m       [36mawait[39m controller[33m.[39mgetProducts(mockReq)[33m;[39m
     [90m 75 |[39m
    [31m[1m>[22m[39m[90m 76 |[39m       
expect(productService[33m.[39m[36mget[39m)[33m.[39mtoHaveBeenCalledWith(
     [90m    |[39m                                  [31m[1m^[22m[39m
     [90m 77 |[39m         [32m'cred-1'[39m[33m,[39m
     [90m 78 |[39m         [35m1[39m[33m,[39m
     [90m 79 |[39m         undefined[33m,[39m[0m

      at Object.toHaveBeenCalledWith (modules/product/product.controller.spec.ts:76:34)

  ÔùÅ ProductController ÔÇ║ getProductById ÔÇ║ should call productService.getUnique with id

    expect(jest.fn()).toHaveBeenCalledWith(...expected)

    Expected: "cred-1", 1, 123, undefined
    Received: "cred-1", 1, 123, undefined, undefined

    Number of calls: 1

    [0m [90m 94 |[39m       [36mconst[39m result [33m=[39m [36mawait[39m 
controller[33m.[39mgetProductById(mockReq[33m,[39m [35m123[39m)[33m;[39m
     [90m 95 |[39m
    [31m[1m>[22m[39m[90m 96 |[39m       
expect(productService[33m.[39mgetUnique)[33m.[39mtoHaveBeenCalledWith(
     [90m    |[39m                                        [31m[1m^[22m[39m
     [90m 97 |[39m         [32m'cred-1'[39m[33m,[39m
     [90m 98 |[39m         [35m1[39m[33m,[39m
     [90m 99 |[39m         [35m123[39m[33m,[39m[0m

      at Object.toHaveBeenCalledWith (modules/product/product.controller.spec.ts:96:40)

  ÔùÅ ProductController ÔÇ║ getProductByBarcode ÔÇ║ should call productService.getUnique with barcode

    expect(jest.fn()).toHaveBeenCalledWith(...expected)

    Expected: "cred-1", 1, undefined, 123456789
    Received: "cred-1", 1, undefined, 123456789, undefined

    Number of calls: 1

    [0m [90m 119 |[39m       [36mconst[39m result [33m=[39m [36mawait[39m 
controller[33m.[39mgetProductByBarcode(mockReq[33m,[39m [35m123456789[39m)[33m;[39m
     [90m 120 |[39m
    [31m[1m>[22m[39m[90m 121 |[39m       
expect(productService[33m.[39mgetUnique)[33m.[39mtoHaveBeenCalledWith(
     [90m     |[39m                                        [31m[1m^[22m[39m
     [90m 122 |[39m         [32m'cred-1'[39m[33m,[39m
     [90m 123 |[39m         [35m1[39m[33m,[39m
     [90m 124 |[39m         undefined[33m,[39m[0m

      at Object.toHaveBeenCalledWith (modules/product/product.controller.spec.ts:121:40)

FAIL modules/order/order.controller.spec.ts
  ÔùÅ OrderController ÔÇ║ getOrders ÔÇ║ should call orderService.get with pagination params

    expect(jest.fn()).toHaveBeenCalledWith(...expected)

    Expected: "cred-1", 1, 2, 10
    Received: "cred-1", 1, 2, 10, {"clientId": undefined, "employeeId": undefined, "endDate": undefined, "startDate": 
undefined}

    Number of calls: 1

    [0m [90m 119 |[39m       [36mconst[39m result [33m=[39m [36mawait[39m 
controller[33m.[39mgetOrders(mockReq[33m,[39m [35m2[39m[33m,[39m [35m10[39m)[33m;[39m
     [90m 120 |[39m
    [31m[1m>[22m[39m[90m 121 |[39m       
expect(orderService[33m.[39m[36mget[39m)[33m.[39mtoHaveBeenCalledWith([32m'cred-1'[39m[33m,[39m 
[35m1[39m[33m,[39m [35m2[39m[33m,[39m [35m10[39m)[33m;[39m
     [90m     |[39m                                [31m[1m^[22m[39m
     [90m 122 |[39m       expect(result)[33m.[39mtoEqual([{ id[33m:[39m [35m1[39m }[33m,[39m { id[33m:[39m 
[35m2[39m }])[33m;[39m
     [90m 123 |[39m     })[33m;[39m
     [90m 124 |[39m[0m

      at Object.toHaveBeenCalledWith (modules/order/order.controller.spec.ts:121:32)

  ÔùÅ OrderController ÔÇ║ getOrders ÔÇ║ should call orderService.get without pagination when not provided

    expect(jest.fn()).toHaveBeenCalledWith(...expected)

    Expected: "cred-1", 1, undefined, undefined
    Received: "cred-1", 1, undefined, undefined, {"clientId": undefined, "employeeId": undefined, "endDate": 
undefined, "startDate": undefined}

    Number of calls: 1

    [0m [90m 128 |[39m       [36mawait[39m controller[33m.[39mgetOrders(mockReq)[33m;[39m
     [90m 129 |[39m
    [31m[1m>[22m[39m[90m 130 |[39m       
expect(orderService[33m.[39m[36mget[39m)[33m.[39mtoHaveBeenCalledWith(
     [90m     |[39m                                [31m[1m^[22m[39m
     [90m 131 |[39m         [32m'cred-1'[39m[33m,[39m
     [90m 132 |[39m         [35m1[39m[33m,[39m
     [90m 133 |[39m         undefined[33m,[39m[0m

      at Object.toHaveBeenCalledWith (modules/order/order.controller.spec.ts:130:32)

FAIL infra/database/tenant-connection.service.spec.ts (7.655 s)
  ÔùÅ TenantConnectionService ÔÇ║ getConnection ÔÇ║ should fetch credentials from prisma on first call

    TypeError: db.listenerCount is not a function

    [0m [90m 42 |[39m           [90m// Previne crash por Unhandled 'error' event caso a conex├úo caia depois[39m
     [90m 43 |[39m           [90m// Verifica se j├í tem listener para n├úo vazar mem├│ria no pool 
(MaxListenersExceededWarning)[39m
    [31m[1m>[22m[39m[90m 44 |[39m           [36mif[39m ((db [36mas[39m 
any)[33m.[39mlistenerCount([32m'error'[39m) [33m===[39m [35m0[39m) {
     [90m    |[39m                           [31m[1m^[22m[39m
     [90m 45 |[39m             (db [36mas[39m any)[33m.[39mon([32m'error'[39m[33m,[39m (dbErr[33m:[39m 
any) [33m=>[39m {
     [90m 46 |[39m               [36mthis[39m[33m.[39mlogger[33m.[39merror([32m`Erro na conex├úo Firebird 
para o tenant ${credentialsId}: ${dbErr?.message}`[39m)[33m;[39m
     [90m 47 |[39m             })[33m;[39m[0m

      at listenerCount (infra/database/tenant-connection.service.ts:44:27)
      at Object.callback (infra/database/tenant-connection.service.spec.ts:25:55)
      at get (infra/database/tenant-connection.service.ts:38:14)
      at TenantConnectionService.getConnection (infra/database/tenant-connection.service.ts:32:20)
      at Object.<anonymous> (infra/database/tenant-connection.service.spec.ts:56:7)

  ÔùÅ TenantConnectionService ÔÇ║ getConnection ÔÇ║ should NOT fetch credentials from prisma on second call 
(credentialsCache)

    TypeError: db.listenerCount is not a function

    [0m [90m 42 |[39m           [90m// Previne crash por Unhandled 'error' event caso a conex├úo caia depois[39m
     [90m 43 |[39m           [90m// Verifica se j├í tem listener para n├úo vazar mem├│ria no pool 
(MaxListenersExceededWarning)[39m
    [31m[1m>[22m[39m[90m 44 |[39m           [36mif[39m ((db [36mas[39m 
any)[33m.[39mlistenerCount([32m'error'[39m) [33m===[39m [35m0[39m) {
     [90m    |[39m                           [31m[1m^[22m[39m
     [90m 45 |[39m             (db [36mas[39m any)[33m.[39mon([32m'error'[39m[33m,[39m (dbErr[33m:[39m 
any) [33m=>[39m {
     [90m 46 |[39m               [36mthis[39m[33m.[39mlogger[33m.[39merror([32m`Erro na conex├úo Firebird 
para o tenant ${credentialsId}: ${dbErr?.message}`[39m)[33m;[39m
     [90m 47 |[39m             })[33m;[39m[0m

      at listenerCount (infra/database/tenant-connection.service.ts:44:27)
      at Object.callback (infra/database/tenant-connection.service.spec.ts:25:55)
      at get (infra/database/tenant-connection.service.ts:38:14)
      at TenantConnectionService.getConnection (infra/database/tenant-connection.service.ts:32:20)
      at Object.<anonymous> (infra/database/tenant-connection.service.spec.ts:65:7)

  ÔùÅ TenantConnectionService ÔÇ║ getConnection ÔÇ║ should return a connection from the pool

    TypeError: db.listenerCount is not a function

    [0m [90m 42 |[39m           [90m// Previne crash por Unhandled 'error' event caso a conex├úo caia depois[39m
     [90m 43 |[39m           [90m// Verifica se j├í tem listener para n├úo vazar mem├│ria no pool 
(MaxListenersExceededWarning)[39m
    [31m[1m>[22m[39m[90m 44 |[39m           [36mif[39m ((db [36mas[39m 
any)[33m.[39mlistenerCount([32m'error'[39m) [33m===[39m [35m0[39m) {
     [90m    |[39m                           [31m[1m^[22m[39m
     [90m 45 |[39m             (db [36mas[39m any)[33m.[39mon([32m'error'[39m[33m,[39m (dbErr[33m:[39m 
any) [33m=>[39m {
     [90m 46 |[39m               [36mthis[39m[33m.[39mlogger[33m.[39merror([32m`Erro na conex├úo Firebird 
para o tenant ${credentialsId}: ${dbErr?.message}`[39m)[33m;[39m
     [90m 47 |[39m             })[33m;[39m[0m

      at listenerCount (infra/database/tenant-connection.service.ts:44:27)
      at Object.callback (infra/database/tenant-connection.service.spec.ts:25:55)
      at get (infra/database/tenant-connection.service.ts:38:14)
      at TenantConnectionService.getConnection (infra/database/tenant-connection.service.ts:32:20)
      at Object.<anonymous> (infra/database/tenant-connection.service.spec.ts:72:20)

  ÔùÅ TenantConnectionService ÔÇ║ getConnection ÔÇ║ should retry once if pool.get fails

    TypeError: db.listenerCount is not a function

    [0m [90m 42 |[39m           [90m// Previne crash por Unhandled 'error' event caso a conex├úo caia depois[39m
     [90m 43 |[39m           [90m// Verifica se j├í tem listener para n├úo vazar mem├│ria no pool 
(MaxListenersExceededWarning)[39m
    [31m[1m>[22m[39m[90m 44 |[39m           [36mif[39m ((db [36mas[39m 
any)[33m.[39mlistenerCount([32m'error'[39m) [33m===[39m [35m0[39m) {
     [90m    |[39m                           [31m[1m^[22m[39m
     [90m 45 |[39m             (db [36mas[39m any)[33m.[39mon([32m'error'[39m[33m,[39m (dbErr[33m:[39m 
any) [33m=>[39m {
     [90m 46 |[39m               [36mthis[39m[33m.[39mlogger[33m.[39merror([32m`Erro na conex├úo Firebird 
para o tenant ${credentialsId}: ${dbErr?.message}`[39m)[33m;[39m
     [90m 47 |[39m             })[33m;[39m[0m

      at listenerCount (infra/database/tenant-connection.service.ts:44:27)
      at Object.callback (infra/database/tenant-connection.service.spec.ts:89:47)
      at get (infra/database/tenant-connection.service.ts:38:14)
      at TenantConnectionService.getConnection (infra/database/tenant-connection.service.ts:32:20)
      at Object.<anonymous> (infra/database/tenant-connection.service.spec.ts:91:20)

  ÔùÅ TenantConnectionService ÔÇ║ getConnection ÔÇ║ should retry once if pool.get times out

    TypeError: db.listenerCount is not a function

    [0m [90m 42 |[39m           [90m// Previne crash por Unhandled 'error' event caso a conex├úo caia depois[39m
     [90m 43 |[39m           [90m// Verifica se j├í tem listener para n├úo vazar mem├│ria no pool 
(MaxListenersExceededWarning)[39m
    [31m[1m>[22m[39m[90m 44 |[39m           [36mif[39m ((db [36mas[39m 
any)[33m.[39mlistenerCount([32m'error'[39m) [33m===[39m [35m0[39m) {
     [90m    |[39m                           [31m[1m^[22m[39m
     [90m 45 |[39m             (db [36mas[39m any)[33m.[39mon([32m'error'[39m[33m,[39m (dbErr[33m:[39m 
any) [33m=>[39m {
     [90m 46 |[39m               [36mthis[39m[33m.[39mlogger[33m.[39merror([32m`Erro na conex├úo Firebird 
para o tenant ${credentialsId}: ${dbErr?.message}`[39m)[33m;[39m
     [90m 47 |[39m             })[33m;[39m[0m

      at listenerCount (infra/database/tenant-connection.service.ts:44:27)
      at Object.callback (infra/database/tenant-connection.service.spec.ts:114:47)
      at get (infra/database/tenant-connection.service.ts:38:14)
      at TenantConnectionService.getConnection (infra/database/tenant-connection.service.ts:32:20)

  ÔùÅ TenantConnectionService ÔÇ║ getConnection ÔÇ║ should retry once if pool.get times out

    TypeError: db.listenerCount is not a function

    [0m [90m 42 |[39m           [90m// Previne crash por Unhandled 'error' event caso a conex├úo caia depois[39m
     [90m 43 |[39m           [90m// Verifica se j├í tem listener para n├úo vazar mem├│ria no pool 
(MaxListenersExceededWarning)[39m
    [31m[1m>[22m[39m[90m 44 |[39m           [36mif[39m ((db [36mas[39m 
any)[33m.[39mlistenerCount([32m'error'[39m) [33m===[39m [35m0[39m) {
     [90m    |[39m                           [31m[1m^[22m[39m
     [90m 45 |[39m             (db [36mas[39m any)[33m.[39mon([32m'error'[39m[33m,[39m (dbErr[33m:[39m 
any) [33m=>[39m {
     [90m 46 |[39m               [36mthis[39m[33m.[39mlogger[33m.[39merror([32m`Erro na conex├úo Firebird 
para o tenant ${credentialsId}: ${dbErr?.message}`[39m)[33m;[39m
     [90m 47 |[39m             })[33m;[39m[0m

      at listenerCount (infra/database/tenant-connection.service.ts:44:27)
      at Object.callback (infra/database/tenant-connection.service.spec.ts:114:47)
      at get (infra/database/tenant-connection.service.ts:38:14)
      at TenantConnectionService.getConnection (infra/database/tenant-connection.service.ts:32:20)

  ÔùÅ TenantConnectionService ÔÇ║ getConnection ÔÇ║ should retry once if pool.get times out

    TypeError: db.listenerCount is not a function

    [0m [90m 42 |[39m           [90m// Previne crash por Unhandled 'error' event caso a conex├úo caia depois[39m
     [90m 43 |[39m           [90m// Verifica se j├í tem listener para n├úo vazar mem├│ria no pool 
(MaxListenersExceededWarning)[39m
    [31m[1m>[22m[39m[90m 44 |[39m           [36mif[39m ((db [36mas[39m 
any)[33m.[39mlistenerCount([32m'error'[39m) [33m===[39m [35m0[39m) {
     [90m    |[39m                           [31m[1m^[22m[39m
     [90m 45 |[39m             (db [36mas[39m any)[33m.[39mon([32m'error'[39m[33m,[39m (dbErr[33m:[39m 
any) [33m=>[39m {
     [90m 46 |[39m               [36mthis[39m[33m.[39mlogger[33m.[39merror([32m`Erro na conex├úo Firebird 
para o tenant ${credentialsId}: ${dbErr?.message}`[39m)[33m;[39m
     [90m 47 |[39m             })[33m;[39m[0m

      at listenerCount (infra/database/tenant-connection.service.ts:44:27)
      at Object.callback (infra/database/tenant-connection.service.spec.ts:114:47)
      at get (infra/database/tenant-connection.service.ts:38:14)
      at TenantConnectionService.getConnection (infra/database/tenant-connection.service.ts:32:20)

  ÔùÅ TenantConnectionService ÔÇ║ destroyPool ÔÇ║ should destroy the pool and remove from poolCache

    TypeError: db.listenerCount is not a function

    [0m [90m 42 |[39m           [90m// Previne crash por Unhandled 'error' event caso a conex├úo caia depois[39m
     [90m 43 |[39m           [90m// Verifica se j├í tem listener para n├úo vazar mem├│ria no pool 
(MaxListenersExceededWarning)[39m
    [31m[1m>[22m[39m[90m 44 |[39m           [36mif[39m ((db [36mas[39m 
any)[33m.[39mlistenerCount([32m'error'[39m) [33m===[39m [35m0[39m) {
     [90m    |[39m                           [31m[1m^[22m[39m
     [90m 45 |[39m             (db [36mas[39m any)[33m.[39mon([32m'error'[39m[33m,[39m (dbErr[33m:[39m 
any) [33m=>[39m {
     [90m 46 |[39m               [36mthis[39m[33m.[39mlogger[33m.[39merror([32m`Erro na conex├úo Firebird 
para o tenant ${credentialsId}: ${dbErr?.message}`[39m)[33m;[39m
     [90m 47 |[39m             })[33m;[39m[0m

      at listenerCount (infra/database/tenant-connection.service.ts:44:27)
      at Object.callback (infra/database/tenant-connection.service.spec.ts:25:55)
      at get (infra/database/tenant-connection.service.ts:38:14)
      at TenantConnectionService.getConnection (infra/database/tenant-connection.service.ts:32:20)
      at Object.<anonymous> (infra/database/tenant-connection.service.spec.ts:141:7)

  ÔùÅ TenantConnectionService ÔÇ║ destroyPool ÔÇ║ should handle timeout during pool destruction gracefully

    thrown: "Exceeded timeout of 5000 ms for a test.
    Add a timeout value to this test to increase the timeout, if this is a long-running test. See 
https://jestjs.io/docs/api#testname-fn-timeout."

    [0m [90m 150 |[39m     })[33m;[39m
     [90m 151 |[39m
    [31m[1m>[22m[39m[90m 152 |[39m     it([32m'should handle timeout during pool destruction 
gracefully'[39m[33m,[39m [36masync[39m () [33m=>[39m {
     [90m     |[39m     [31m[1m^[22m[39m
     [90m 153 |[39m       jest[33m.[39museFakeTimers()[33m;[39m
     [90m 154 |[39m       mockPool[33m.[39mdestroy[33m.[39mmockImplementation(() [33m=>[39m {
     [90m 155 |[39m         [90m// Simula hang no destroy[39m[0m

      at it (infra/database/tenant-connection.service.spec.ts:152:5)
      at describe (infra/database/tenant-connection.service.spec.ts:139:3)
      at Object.describe (infra/database/tenant-connection.service.spec.ts:6:1)

  ÔùÅ TenantConnectionService ÔÇ║ invalidateCredentials ÔÇ║ should destroy pool and clear credentials cache

    TypeError: db.listenerCount is not a function

    [0m [90m 42 |[39m           [90m// Previne crash por Unhandled 'error' event caso a conex├úo caia depois[39m
     [90m 43 |[39m           [90m// Verifica se j├í tem listener para n├úo vazar mem├│ria no pool 
(MaxListenersExceededWarning)[39m
    [31m[1m>[22m[39m[90m 44 |[39m           [36mif[39m ((db [36mas[39m 
any)[33m.[39mlistenerCount([32m'error'[39m) [33m===[39m [35m0[39m) {
     [90m    |[39m                           [31m[1m^[22m[39m
     [90m 45 |[39m             (db [36mas[39m any)[33m.[39mon([32m'error'[39m[33m,[39m (dbErr[33m:[39m 
any) [33m=>[39m {
     [90m 46 |[39m               [36mthis[39m[33m.[39mlogger[33m.[39merror([32m`Erro na conex├úo Firebird 
para o tenant ${credentialsId}: ${dbErr?.message}`[39m)[33m;[39m
     [90m 47 |[39m             })[33m;[39m[0m

      at listenerCount (infra/database/tenant-connection.service.ts:44:27)
      at Object.callback (infra/database/tenant-connection.service.spec.ts:25:55)
      at get (infra/database/tenant-connection.service.ts:38:14)
      at TenantConnectionService.getConnection (infra/database/tenant-connection.service.ts:32:20)
      at Object.<anonymous> (infra/database/tenant-connection.service.spec.ts:171:7)


Test Suites: 4 failed, 34 passed, 38 total
Tests:       15 failed, 249 passed, 264 total
Snapshots:   0 total
Time:        12.237 s, estimated 26 s
Ran all test suites.
